Running Gradle task 'bundleRelease'...                          
Font asset "MaterialIcons-Regular.otf" was tree-shaken, reducing it from 1645184 to 16304 bytes (99.0% reduction). Tree-shaking can be disabled by providing the --no-tree-shake-icons flag when building your app.
flutter : Note: Some input 
files use or override a 
deprecated API.
At line:1 char:1
+ flutter build appbundle 
--release 2>&1 | Out-File 
-FilePath build_out ...
+ ~~~~~~~~~~~~~~~~~~~~~~~~~~~
~~~~~~~~~~~
    + CategoryInfo           
   : NotSpecified: (Note: S  
  ome inpu...deprecated AP   
 I.:String) [], RemoteExc    
eption
    + FullyQualifiedErrorId  
   : NativeCommandError
 
Note: Recompile with 
-Xlint:deprecation for 
details.
warning: [options] source 
value 8 is obsolete and will 
be removed in a future 
release
warning: [options] target 
value 8 is obsolete and will 
be removed in a future 
release
warning: [options] To 
suppress warnings about 
obsolete options, use 
-Xlint:-options.
3 warnings
warning: [options] source 
value 8 is obsolete and will 
be removed in a future 
release
warning: [options] target 
value 8 is obsolete and will 
be removed in a future 
release
warning: [options] To 
suppress warnings about 
obsolete options, use 
-Xlint:-options.
3 warnings
Running Gradle task 'bundleRelease'...                            183.3s
ÔêÜ Built build\app\outputs\bundle\release\app-release.aab (46.4MB)
